###############################################################################
#
# IAR ELF Linker V8.30.2.160/W32 for ARM                  17/Oct/2018  17:12:02
# Copyright 2007-2018 IAR Systems AB.
#
#    Output file  =  
#        D:\DESKTOP 2\MB\3. semestar\VGRAJENI
#        SISTEMI\VAJE\DN_2\Debug\Exe\DN_2.out
#    Map file     =  
#        D:\DESKTOP 2\MB\3. semestar\VGRAJENI
#        SISTEMI\VAJE\DN_2\Debug\List\DN_2.map
#    Command line =  
#        -f C:\Users\Tibor\AppData\Local\Temp\EW1216.tmp ("D:\DESKTOP 2\MB\3.
#        semestar\VGRAJENI SISTEMI\VAJE\DN_2\Debug\Obj\button.o" "D:\DESKTOP
#        2\MB\3. semestar\VGRAJENI SISTEMI\VAJE\DN_2\Debug\Obj\led.o"
#        "D:\DESKTOP 2\MB\3. semestar\VGRAJENI
#        SISTEMI\VAJE\DN_2\Debug\Obj\main.o" --no_out_extension -o "D:\DESKTOP
#        2\MB\3. semestar\VGRAJENI SISTEMI\VAJE\DN_2\Debug\Exe\DN_2.out"
#        --redirect _Printf=_PrintfFullNoMb --redirect _Scanf=_ScanfFullNoMb
#        --map "D:\DESKTOP 2\MB\3. semestar\VGRAJENI
#        SISTEMI\VAJE\DN_2\Debug\List\DN_2.map" --config "C:\Program Files
#        (x86)\IAR Systems\Embedded Workbench
#        8.1\arm\config\linker\ST\stm32f429xI.icf" --semihosting --entry
#        __iar_program_start --vfe --text_out locale)
#
###############################################################################

*******************************************************************************
*** RUNTIME MODEL ATTRIBUTES
***

CppFlavor       = *
__SystemLibrary = DLib
__dlib_version  = 6


*******************************************************************************
*** HEAP SELECTION
***

The basic heap was selected because some modules are built with
size limitations (and not runtime checking), and --advanced_heap
was not specified.


*******************************************************************************
*** PLACEMENT SUMMARY
***

"A0":  place at 0x800'0000 { ro section .intvec };
"P1":  place in [from 0x800'0000 to 0x81f'ffff] { ro };
define block CSTACK with size = 8K, alignment = 8 { };
"P3":  place in [from 0x1000'0000 to 0x1000'ffff] {
          block CSTACK, section .ccram };
define block HEAP with size = 8K, alignment = 8 { };
"P4":  place in [from 0x2000'0000 to 0x2001'bfff] |
                [from 0x2001'c000 to 0x2001'ffff] |
                [from 0x2002'0000 to 0x2002'ffff] { rw, block HEAP };
initialize by copy { rw };

No sections matched the following patterns:

  ro section application_specific_ro  in "P2|P6"
  rw section application_specific_rw  in "P2|P6"
  section .backup_sram                in "P5"
  section .ccram                      in "P3"


  Section            Kind         Address    Size  Object
  -------            ----         -------    ----  ------
"A0":                                        0x40
  .intvec            ro code   0x800'0000    0x40  vector_table_M.o [4]
                             - 0x800'0040    0x40

"P1":                                       0x19c
  .text              ro code   0x800'0040    0x54  button.o [1]
  .text              ro code   0x800'0094    0x30  main.o [1]
  .text              ro code   0x800'00c4    0x28  led.o [1]
  .text              ro code   0x800'00ec    0x2c  copy_init3.o [4]
  .text              ro code   0x800'0118    0x28  data_init.o [4]
  .text              ro code   0x800'0140    0x22  fpinit_M.o [3]
  .iar.init_table    const     0x800'0164    0x14  - Linker created -
  .text              ro code   0x800'0178     0x2  vector_table_M.o [4]
  .text              ro code   0x800'017c    0x1e  cmain.o [4]
  .text              ro code   0x800'019a     0x4  low_level_init.o [2]
  .text              ro code   0x800'019e     0x4  exit.o [2]
  .text              ro code   0x800'01a4     0xa  cexit.o [4]
  .text              ro code   0x800'01b0    0x14  exit.o [5]
  .text              ro code   0x800'01c4     0xc  cstartup_M.o [4]
  .rodata            const     0x800'01d0     0x0  copy_init3.o [4]
  Initializer bytes  const     0x800'01d0     0xc  <for P4 s0>
                             - 0x800'01dc   0x19c

"P3":                                      0x2000
  CSTACK                      0x1000'0000  0x2000  <Block>
    CSTACK           uninit   0x1000'0000  0x2000  <Block tail>
                            - 0x1000'2000  0x2000

"P4":                                         0xc
  P4 s0                       0x2000'0000     0xc  <Init block>
    .data            inited   0x2000'0000     0x4  button.o [1]
    .data            inited   0x2000'0004     0x4  button.o [1]
    .bss             inited   0x2000'0008     0x1  main.o [1]
                            - 0x2000'000c     0xc

Unused ranges:

         From           To       Size
         ----           --       ----
   0x800'01dc   0x81f'ffff  0x1f'fe24
  0x1000'2000  0x1000'ffff     0xe000
  0x2000'000c  0x2001'bfff   0x1'bff4
  0x2001'c000  0x2001'ffff     0x4000
  0x2002'0000  0x2002'ffff   0x1'0000


*******************************************************************************
*** INIT TABLE
***

          Address      Size
          -------      ----
Copy (__iar_copy_init3)
    1 source range, total size 0xc (133% of destination):
           0x800'01d0   0xc
    1 destination range, total size 0x9:
          0x2000'0000   0x9



*******************************************************************************
*** MODULE SUMMARY
***

    Module            ro code  ro data  rw data
    ------            -------  -------  -------
command line/config:
    -------------------------------------------
    Total:

D:\DESKTOP 2\MB\3. semestar\VGRAJENI SISTEMI\VAJE\DN_2\Debug\Obj: [1]
    button.o               84        8        8
    led.o                  40
    main.o                 48        1        1
    -------------------------------------------
    Total:                172        9        9

dl7M_tln.a: [2]
    exit.o                  4
    low_level_init.o        4
    -------------------------------------------
    Total:                  8

m7M_tls.a: [3]
    fpinit_M.o             34
    -------------------------------------------
    Total:                 34

rt7M_tl.a: [4]
    cexit.o                10
    cmain.o                30
    copy_init3.o           44
    cstartup_M.o           12
    data_init.o            40
    vector_table_M.o       66
    -------------------------------------------
    Total:                202

shb_l.a: [5]
    exit.o                 20
    -------------------------------------------
    Total:                 20

    Gaps                    6        2
    Linker created                  23    8 192
-----------------------------------------------
    Grand Total:          442       34    8 201


*******************************************************************************
*** ENTRY LIST
***

Entry                       Address  Size  Type      Object
-----                       -------  ----  ----      ------
.iar.init_table$$Base    0x800'0164         --   Gb  - Linker created -
.iar.init_table$$Limit   0x800'0178         --   Gb  - Linker created -
?main                    0x800'017d        Code  Gb  cmain.o [4]
CSTACK$$Base            0x1000'0000         --   Gb  - Linker created -
CSTACK$$Limit           0x1000'2000         --   Gb  - Linker created -
Region$$Table$$Base      0x800'0164         --   Gb  - Linker created -
Region$$Table$$Limit     0x800'0178         --   Gb  - Linker created -
__cmain                  0x800'017d        Code  Gb  cmain.o [4]
__exit                   0x800'01b1  0x14  Code  Gb  exit.o [5]
__iar_copy_init3         0x800'00ed  0x2c  Code  Gb  copy_init3.o [4]
__iar_data_init3         0x800'0119  0x28  Code  Gb  data_init.o [4]
__iar_init_vfp           0x800'0141        Code  Gb  fpinit_M.o [3]
__iar_program_start      0x800'01c5        Code  Gb  cstartup_M.o [4]
__low_level_init         0x800'019b   0x4  Code  Gb  low_level_init.o [2]
__vector_table           0x800'0000        Data  Gb  vector_table_M.o [4]
_call_main               0x800'0189        Code  Gb  cmain.o [4]
_exit                    0x800'01a5        Code  Gb  cexit.o [4]
_main                    0x800'0197        Code  Gb  cmain.o [4]
changeState              0x800'0041  0x32  Code  Gb  button.o [1]
count                   0x2000'0008   0x1  Data  Gb  main.o [1]
exit                     0x800'019f   0x4  Code  Gb  exit.o [2]
gpio_a_idr              0x2000'0000   0x4  Data  Gb  button.o [1]
gpio_g_odr              0x2000'0004   0x4  Data  Gb  button.o [1]
isButton                 0x800'0073  0x18  Code  Gb  button.o [1]
ledInit                  0x800'00c5  0x28  Code  Gb  led.o [1]
main                     0x800'0095  0x30  Code  Gb  main.o [1]


[1] = D:\DESKTOP 2\MB\3. semestar\VGRAJENI SISTEMI\VAJE\DN_2\Debug\Obj
[2] = dl7M_tln.a
[3] = m7M_tls.a
[4] = rt7M_tl.a
[5] = shb_l.a

    442 bytes of readonly  code memory
     34 bytes of readonly  data memory
  8 201 bytes of readwrite data memory

Errors: none
Warnings: none
